// Jest Snapshot v1, https://goo.gl/fbAQLP

exports[`Header should render 1`] = `
<header
  className="header"
>
  <div
    className="header-Logo"
  >
    <a
      href="/"
    >
      Manato
    </a>
  </div>
  <nav
    className="header-Nav"
  >
    <div>
      <i
        className="fa fa-angle-left header-Nav_Icon"
        onClick={[Function]}
      />
    </div>
    <div
      className="header-Nav_Container"
    />
    <div>
      <i
        className="fa fa-angle-right header-Nav_Icon"
        onClick={[Function]}
      />
    </div>
  </nav>
</header>
`;
