// Jest Snapshot v1, https://goo.gl/fbAQLP

exports[`Layout should render component 1`] = `
<div
  className="layout"
>
  <Header
    circleStyle={
      Object {
        "left": "calc(50% - 50px)",
        "top": "calc(50% - 50px)",
      }
    }
    fetchLanguages={
      [MockFunction] {
        "calls": Array [
          Array [],
        ],
      }
    }
    history={
      Object {
        "push": [MockFunction],
      }
    }
    isExpandWorksContent={false}
    isLoading={true}
    isShowOverlay={false}
    isShowWorksContent={false}
    isShowWorksContentAnimation={false}
    languages={Array []}
    location={
      Object {
        "search": Object {
          "query": Object {
            "languages": "1",
          },
        },
      }
    }
    match={
      Object {
        "params": Object {
          "id": 1,
        },
      }
    }
    searchQuery={
      Object {
        "languages": Array [
          1,
          2,
        ],
      }
    }
    targetWork={null}
    updateSearchQuery={[MockFunction]}
    workContentImg="http://sample.jpg"
    works={
      Array [
        Object {
          "component": "WorkOne",
          "description": "
      Iâ€™ve been a CMT for ten years now, and I have, literally and
      figuratively, held the pulse of a steaming cross-section of
      San Franciscans
      ",
          "id": 1,
          "img": "http://sample.jpg",
          "languages": Array [
            1,
            2,
          ],
          "title": "EC Website",
        },
      ]
    }
  />
  <CSSTransition
    classNames="loader"
    in={false}
    timeout={200}
  >
    <div
      className="loader"
    />
  </CSSTransition>
  <main
    className="main container"
  />
</div>
`;
